n + n

E
    E CaptureName=e1
        T
            F
                n
    +
    T CaptureName=e2
        F
            n