n + n

E
    E
        T
            F
                n
    +
    T
        F
            n