( ? s ) ? s

Session
    (
    Session
        Facts
        Question
            ?
            s
    )
    Session
        Facts
        Question
            ?
            s