a a a

S
    a
    a
    B
        B2
            a