<b> <t/>[hello] </b>

R.2
    <b>
    hello
    </b>