<list>
<text/>
<expression/>
<text/>
<input/>
</list>