Testing "( n )" -> OK
------------------
    
    Starting parser on token sequence:
    ( n )
    
    token=( stack=[ 0 ]
    Action Shift(1)
    
    token=n stack=[ 0 ( 1 ]
    Action Shift(2)
    
    token=) stack=[ 0 ( 1 n 2 ]
    Action Reduce(6)
    Reducing 1 symbols with rule F -> n
    
    token=) stack=[ 0 ( 1 F 4 ]
    Action Reduce(4)
    Reducing 1 symbols with rule T -> F
    
    token=) stack=[ 0 ( 1 T 5 ]
    Action Reduce(2)
    Reducing 1 symbols with rule E -> T
    
    token=) stack=[ 0 ( 1 E 6 ]
    Action Shift(9)
    
    token=$ stack=[ 0 ( 1 E 6 ) 9 ]
    Action Reduce(5)
    Reducing 3 symbols with rule F -> ( E )
    
    token=$ stack=[ 0 F 4 ]
    Action Reduce(4)
    Reducing 1 symbols with rule T -> F
    
    token=$ stack=[ 0 T 5 ]
    Action Reduce(2)
    Reducing 1 symbols with rule E -> T
    
    token=$ stack=[ 0 E 3 ]
    Action Accept
    
    Parse result:
    E
        T
            F
                (
                E
                    T
                        F
                            n
                )