Testing "<b> <t/>[aaa] </b>" -> OK
------------------
    
    Starting parser on token sequence:
    <b> <t/> </b>
    
    token=<b> stack=[ 0 ]
    Action Shift(1)
    
    token=<t/> stack=[ 0 <b> 1 ]
    Action Shift(3)
    
    token=</b> stack=[ 0 <b> 1 <t/> 3 ]
    Action Shift(9)
    
    token=$ stack=[ 0 <b> 1 <t/> 3 </b> 9 ]
    Action Reduce(4)
    Reducing 3 symbols with rule S -> <b> <t/> </b>
    
    token=$ stack=[ 0 S 2 ]
    Action Accept
    
    Parse result:
    R.4
        <b>
        aaa
        </b>