Testing "" -> Error
------------------
    
    token=$ stack=[ 0 ]
    Unexpected token $