Testing "" -> Error
------------------
    
    Starting parser on token sequence:
    
    
    token=$ stack=[ 0 ]
    Unexpected token $