Testing "<b> <t/>[def] </b>" -> OK
------------------
    
    token=<b> stack=[ 0 ]
    Action Shift(1)
    
    token=<t/> stack=[ 0 <b> 1 ]
    Action Shift(5)
    
    token=</b> stack=[ 0 <b> 1 <t/> 5 ]
    Action Shift(9)
    
    token=$ stack=[ 0 <b> 1 <t/> 5 </b> 9 ]
    Multiple actions found: Reduce(2), Reduce(4)
    Action Reduce(2)
    Reducing 3 symbols with rule S -> <b> <t/>[Token.Value = "def"] </b>
    
    configurationCount=1 token=$ stack=[ 0 S 2 ]
    Action Accept
    
    Parse result:
    R.2
        <b>
        def
        </b>