Actions
    (0, id) -> Shift({ xpto -> 2 }), Shift(3) ; 1 classifiers
    (1, $) -> Accept
    (2, $) -> Reduce(1)
    (3, $) -> Reduce(2)

Goto
    (0, S) -> 1

Rules
    0: BigBang -> S
    1: S_R1 -> id?p
    2: S_R2 -> id

Conflicts
    (0, id) -> Shift({ xpto -> 2 }), Shift(3)