n + n * n

E
    E
        T
            F
                n
    +
    T
        T
            F
                n
        *
        F
            n