Testing "b a" -> Error
------------------
    
    Starting parser on token sequence:
    b a
    
    token=b stack=[ 0 ]
    Unexpected token b