Testing "a a" -> Error
------------------
    
    token=a stack=[ 0 ]
    Action Shift(2)
    
    token=a stack=[ 0 a 2 ]
    Unexpected token a