Testing "a" -> OK
------------------
    
    token=a stack=[ 0 ]
    Action Shift(2)
    
    token=$ stack=[ 0 a 2 ]
    Action Reduce(0)
    Reducing 1 symbols with rule S -> a
    
    token=$ stack=[ 0 S 1 ]
    Action Accept
    
    Parse result:
    S
        a