[Text.1] VirtualWidget -> <ITextWidget> </ITextWidget>