Text.1
    NativeWidgets: { <TextWidget Text=Text #1 /> }
Text.1
    NativeWidgets: { <TextWidget Text=Text #2 /> }