Expression.1
    NativeWidgets: { <ExpressionWidget Value=000 /> }
    Captures:
        w1 -> <ExpressionWidget Value=000 />