Texts.1
    NativeWidgets: { <TextWidget Text=Text #1 />, <TextWidget Text=Text #2 /> }