Table.1
    NativeWidgets: { <TableWidget> <HeaderRow> <HeaderCellWidget> <Content> <TextWidget Text=T_0 /> </Content> </HeaderCellWidget> <HeaderCellWidget> <Content> <TextWidget Text=T_1 /> </Content> </HeaderCellWidget> <HeaderCellWidget> <Content> <TextWidget Text=T_2 /> </Content> </HeaderCellWidget> </HeaderRow> <DataRow> <DataCellWidget> <Content> <ExpressionWidget Value=0 /> </Content> </DataCellWidget> <DataCellWidget> <Content> <ExpressionWidget Value=1 /> </Content> </DataCellWidget> <DataCellWidget> <Content> <ExpressionWidget Value=2 /> </Content> </DataCellWidget> </DataRow> </TableWidget> }
    Captures:
        CHeader -> [ <HeaderCellWidget> <Content> <TextWidget Text=T_0 /> </Content> </HeaderCellWidget>, [ Text.1 ], <HeaderCellWidget> <Content> <TextWidget Text=T_1 /> </Content> </HeaderCellWidget>, [ Text.1 ], <HeaderCellWidget> <Content> <TextWidget Text=T_2 /> </Content> </HeaderCellWidget>, [ Text.1 ] ]
        CData -> [ <DataCellWidget> <Content> <ExpressionWidget Value=0 /> </Content> </DataCellWidget>, [ Expr.1 ], <DataCellWidget> <Content> <ExpressionWidget Value=1 /> </Content> </DataCellWidget>, [ Expr.1 ], <DataCellWidget> <Content> <ExpressionWidget Value=2 /> </Content> </DataCellWidget>, [ Expr.1 ] ]
    Children:
        Group
            NativeWidgets: {  }
            Children:
                Text.1
                    NativeWidgets: { <TextWidget Text=T_0 /> }
                Expr.1
                    NativeWidgets: { <ExpressionWidget Value=0 /> }
        Group
            NativeWidgets: {  }
            Children:
                Text.1
                    NativeWidgets: { <TextWidget Text=T_1 /> }
                Expr.1
                    NativeWidgets: { <ExpressionWidget Value=1 /> }
        Group
            NativeWidgets: {  }
            Children:
                Text.1
                    NativeWidgets: { <TextWidget Text=T_2 /> }
                Expr.1
                    NativeWidgets: { <ExpressionWidget Value=2 /> }