Expr.1
    NativeWidgets: { <TextWidget Text=Some field />, <ExpressionWidget Value=123 /> }